Copyright 1986-2020 Xilinx, Inc. All Rights Reserved.
------------------------------------------------------------------------------------------------------------------------------------------------------------------------------------------------------
| Tool Version : Vivado v.2020.2 (lin64) Build 3064766 Wed Nov 18 09:12:47 MST 2020
| Date         : Tue May 28 10:24:51 2024
| Host         : localhost.localdomain running 64-bit openSUSE Leap 15.4
| Command      : report_accelerator_utilization -kernels { compute_matrices:zedboard_base_i/compute_matrices_1/inst:compute_matrices_1} -file kernel_util_synthed.rpt -name kernel_util_synthed -json
| Design       : zedboard_base_wrapper
| Device       : xc7z020
| Design State : Synthesized
------------------------------------------------------------------------------------------------------------------------------------------------------------------------------------------------------

Accelerator Utilization Design Information

Table of Contents
-----------------
1. System Utilization

1. System Utilization
---------------------

+-----------------------+-----------------+-----------------+-----------------+---------------+---------------+
| Name                  | LUT             | LUTAsMem        | REG             | BRAM          | DSP           |
+-----------------------+-----------------+-----------------+-----------------+---------------+---------------+
| Platform              | 10216 [ 19.20%] |  1753 [ 10.07%] | 15662 [ 14.72%] |  15 [ 10.71%] |   0 [  0.00%] |
| User Budget           | 42984 [100.00%] | 15647 [100.00%] | 90738 [100.00%] | 125 [100.00%] | 220 [100.00%] |
|    Used Resources     |  6514 [ 15.15%] |   431 [  2.75%] |  7763 [  8.56%] |   1 [  0.80%] |   3 [  1.36%] |
|    Unused Resources   | 36470 [ 84.85%] | 15216 [ 97.25%] | 82975 [ 91.44%] | 124 [ 99.20%] | 217 [ 98.64%] |
| compute_matrices      |  6514 [ 15.15%] |   431 [  2.75%] |  7763 [  8.56%] |   1 [  0.80%] |   3 [  1.36%] |
|    compute_matrices_1 |  6514 [ 15.15%] |   431 [  2.75%] |  7763 [  8.56%] |   1 [  0.80%] |   3 [  1.36%] |
+-----------------------+-----------------+-----------------+-----------------+---------------+---------------+


