Copyright 1986-2020 Xilinx, Inc. All Rights Reserved.
----------------------------------------------------------------------------------------------------------------------------------------------------------------------------------------------------
| Tool Version : Vivado v.2020.2 (lin64) Build 3064766 Wed Nov 18 09:12:47 MST 2020
| Date         : Tue May 28 10:26:18 2024
| Host         : localhost.localdomain running 64-bit openSUSE Leap 15.4
| Command      : report_accelerator_utilization -kernels { compute_matrices:zedboard_base_i/compute_matrices_1/inst:compute_matrices_1} -file kernel_util_placed.rpt -name kernel_util_placed -json
| Design       : zedboard_base_wrapper
| Device       : xc7z020
| Design State : Fully Placed
----------------------------------------------------------------------------------------------------------------------------------------------------------------------------------------------------

Accelerator Utilization Design Information

Table of Contents
-----------------
1. System Utilization

1. System Utilization
---------------------

+-----------------------+-----------------+-----------------+-----------------+---------------+---------------+
| Name                  | LUT             | LUTAsMem        | REG             | BRAM          | DSP           |
+-----------------------+-----------------+-----------------+-----------------+---------------+---------------+
| Platform              |  8343 [ 15.68%] |  1625 [  9.34%] | 12672 [ 11.91%] |  10 [  7.14%] |   0 [  0.00%] |
| User Budget           | 44857 [100.00%] | 15775 [100.00%] | 93728 [100.00%] | 130 [100.00%] | 220 [100.00%] |
|    Used Resources     |  6421 [ 14.31%] |   398 [  2.52%] |  7763 [  8.28%] |   1 [  0.77%] |   3 [  1.36%] |
|    Unused Resources   | 38436 [ 85.69%] | 15377 [ 97.48%] | 85965 [ 91.72%] | 129 [ 99.23%] | 217 [ 98.64%] |
| compute_matrices      |  6421 [ 14.31%] |   398 [  2.52%] |  7763 [  8.28%] |   1 [  0.77%] |   3 [  1.36%] |
|    compute_matrices_1 |  6421 [ 14.31%] |   398 [  2.52%] |  7763 [  8.28%] |   1 [  0.77%] |   3 [  1.36%] |
+-----------------------+-----------------+-----------------+-----------------+---------------+---------------+


