11:39:16 **** Incremental Build of configuration Debug for project profiling_arm_app ****
make all 
make --no-print-directory pre-build
a9-linaro-pre-build-step
 
make --no-print-directory main-build
Building file: ../src/main.c
Invoking: ARM v7 gcc compiler
arm-none-eabi-gcc -Wall -O0 -g3 -c -fmessage-length=0 -MT"src/main.o" -mcpu=cortex-a9 -mfpu=vfpv3 -mfloat-abi=hard -I/home/inf2021/iathanasi/embedded/Embedded-Systems/lab2/step2/vitis/profiling_platform/export/profiling_platform/sw/profiling_platform/standalone_domain/bspinclude/include -MMD -MP -MF"src/main.d" -MT"src/main.o" -o "src/main.o" "../src/main.c"
Finished building: ../src/main.c
 
Building target: profiling_arm_app.elf
Invoking: ARM v7 gcc linker
arm-none-eabi-gcc -mcpu=cortex-a9 -mfpu=vfpv3 -mfloat-abi=hard -Wl,-build-id=none -specs=Xilinx.spec -Wl,-T -Wl,../src/lscript.ld -L/home/inf2021/iathanasi/embedded/Embedded-Systems/lab2/step2/vitis/profiling_platform/export/profiling_platform/sw/profiling_platform/standalone_domain/bsplib/lib -o "profiling_arm_app.elf"  ./src/main.o ./src/timer_util.o   -Wl,--start-group,-lxil,-lgcc,-lc,--end-group
Finished building target: profiling_arm_app.elf
 
Invoking: ARM v7 Print Size
arm-none-eabi-size profiling_arm_app.elf  |tee "profiling_arm_app.elf.size"
   text	   data	    bss	    dec	    hex	filename
  23780	   1160	18477320	18502260	11a5274	profiling_arm_app.elf
Finished building: profiling_arm_app.elf.size
 

11:39:17 Build Finished (took 744ms)

