

================================================================
== Synthesis Summary Report of 'compute_matrices'
================================================================
+ General Information: 
    * Date:           Tue Jun 11 10:14:05 2024
    * Version:        2020.2 (Build 3064766 on Wed Nov 18 09:12:47 MST 2020)
    * Project:        LSAL_HW
    * Solution:       solution1 (Vitis Kernel Flow Target)
    * Product family: zynq
    * Target device:  xc7z020-clg484-1
    

+ Performance & Resource Estimates: 
    
    PS: '+' for module; 'o' for loop; '*' for dataflow
    +--------------------+--------+-------+---------+-----------+----------+---------+------+----------+----------+----+-----------+-------------+-----+
    |       Modules      |  Issue |       | Latency |  Latency  | Iteration|         | Trip |          |          |    |           |             |     |
    |       & Loops      |  Type  | Slack | (cycles)|    (ns)   |  Latency | Interval| Count| Pipelined|   BRAM   | DSP|     FF    |     LUT     | URAM|
    +--------------------+--------+-------+---------+-----------+----------+---------+------+----------+----------+----+-----------+-------------+-----+
    |+ compute_matrices  |  Timing|   0.00|        -|          -|         -|        -|     -|        no|  36 (12%)|   -|  7393 (6%)|  13444 (25%)|    -|
    | o Loop 1           |       -|  -7.30|      256|  2.560e+03|         1|        1|   256|       yes|         -|   -|          -|            -|    -|
    | o Loop 2           |       -|  -7.30|      256|  2.560e+03|         1|        1|   256|       yes|         -|   -|          -|            -|    -|
    | o Loop 3           |       -|  -7.30|      256|  2.560e+03|         1|        1|   256|       yes|         -|   -|          -|            -|    -|
    | o Loop 4           |       -|  -7.30|      256|  2.560e+03|         1|        1|   256|       yes|         -|   -|          -|            -|    -|
    | o Loop 5           |      II|  -7.30|      129|  1.290e+03|        34|       32|     4|       yes|         -|   -|          -|            -|    -|
    | o Loop 6           |       -|  -7.30|     1351|  1.351e+04|        74|        1|  1279|       yes|         -|   -|          -|            -|    -|
    | o diag_for         |       -|  -7.30|        -|          -|         -|        -|     -|        no|         -|   -|          -|            -|    -|
    |  o col_for         |       -|  -7.30|        -|          -|        76|        1|     -|       yes|         -|   -|          -|            -|    -|
    |  o diag_for.2      |       -|  -7.30|        -|          -|        72|        1|     -|       yes|         -|   -|          -|            -|    -|
    |  o diag_for.3      |       -|  -7.30|        -|          -|         2|        1|     -|       yes|         -|   -|          -|            -|    -|
    |  o diag_for.4      |       -|  -7.30|      511|  5.110e+03|         2|        1|   511|       yes|         -|   -|          -|            -|    -|
    |  o diag_for.5      |       -|  -7.30|        -|          -|        71|        1|     -|       yes|         -|   -|          -|            -|    -|
    +--------------------+--------+-------+---------+-----------+----------+---------+------+----------+----------+----+-----------+-------------+-----+

