

================================================================
== Synthesis Summary Report of 'compute_matrices'
================================================================
+ General Information: 
    * Date:           Fri Jun 21 13:38:05 2024
    * Version:        2020.2 (Build 3064766 on Wed Nov 18 09:12:47 MST 2020)
    * Project:        LSAL_HW
    * Solution:       solution1 (Vitis Kernel Flow Target)
    * Product family: zynq
    * Target device:  xc7z020-clg484-1
    

+ Performance & Resource Estimates: 
    
    PS: '+' for module; 'o' for loop; '*' for dataflow
    +--------------------+--------+-------+---------+-----------+----------+---------+------+----------+----------+----+-----------+------------+-----+
    |       Modules      |  Issue |       | Latency |  Latency  | Iteration|         | Trip |          |          |    |           |            |     |
    |       & Loops      |  Type  | Slack | (cycles)|    (ns)   |  Latency | Interval| Count| Pipelined|   BRAM   | DSP|     FF    |     LUT    | URAM|
    +--------------------+--------+-------+---------+-----------+----------+---------+------+----------+----------+----+-----------+------------+-----+
    |+ compute_matrices  |  Timing|   0.00|        -|          -|         -|        -|     -|        no|  29 (10%)|   -|  3717 (3%)|  5437 (10%)|    -|
    | o Loop 1           |       -|  -7.30|      256|  2.560e+03|         1|        1|   256|       yes|         -|   -|          -|           -|    -|
    | o Loop 2           |       -|  -7.30|      256|  2.560e+03|         1|        1|   256|       yes|         -|   -|          -|           -|    -|
    | o Loop 3           |       -|  -7.30|      256|  2.560e+03|         1|        1|   256|       yes|         -|   -|          -|           -|    -|
    | o string1_buffer   |       -|  -7.30|        -|          -|         3|        1|     -|       yes|         -|   -|          -|           -|    -|
    | o string2_buffer   |       -|  -7.30|        -|          -|         3|        1|     -|       yes|         -|   -|          -|           -|    -|
    | o diag_for         |       -|  -7.30|        -|          -|         -|        -|     -|        no|         -|   -|          -|           -|    -|
    |  o col_for         |       -|  -7.30|        -|          -|        74|        1|     -|       yes|         -|   -|          -|           -|    -|
    |  o diag_for.2      |       -|  -7.30|        -|          -|         3|        1|     -|       yes|         -|   -|          -|           -|    -|
    |  o diag_for.3      |       -|  -7.30|        -|          -|         2|        1|     -|       yes|         -|   -|          -|           -|    -|
    |  o diag_for.4      |       -|  -7.30|      511|  5.110e+03|         2|        1|   511|       yes|         -|   -|          -|           -|    -|
    |  o fix_direction   |       -|  -7.30|    36281|  3.628e+05|        71|        -|   511|        no|         -|   -|          -|           -|    -|
    +--------------------+--------+-------+---------+-----------+----------+---------+------+----------+----------+----+-----------+------------+-----+

