

================================================================
== Synthesis Summary Report of 'compute_matrices'
================================================================
+ General Information: 
    * Date:           Thu Jun 27 17:40:53 2024
    * Version:        2020.2 (Build 3064766 on Wed Nov 18 09:12:47 MST 2020)
    * Project:        LSAL_HW
    * Solution:       solution1 (Vitis Kernel Flow Target)
    * Product family: zynq
    * Target device:  xc7z020-clg484-1
    

+ Performance & Resource Estimates: 
    
    PS: '+' for module; 'o' for loop; '*' for dataflow
    +--------------------+--------+-------+---------+-----------+----------+---------+------+----------+----------+----+-----------+------------+-----+
    |       Modules      |  Issue |       | Latency |  Latency  | Iteration|         | Trip |          |          |    |           |            |     |
    |       & Loops      |  Type  | Slack | (cycles)|    (ns)   |  Latency | Interval| Count| Pipelined|   BRAM   | DSP|     FF    |     LUT    | URAM|
    +--------------------+--------+-------+---------+-----------+----------+---------+------+----------+----------+----+-----------+------------+-----+
    |+ compute_matrices  |  Timing|   0.00|        -|          -|         -|        -|     -|        no|  34 (12%)|   -|  4026 (3%)|  6423 (12%)|    -|
    | o Loop 1           |       -|  -7.30|      512|  5.120e+03|         1|        1|   512|       yes|         -|   -|          -|           -|    -|
    | o Loop 2           |       -|  -7.30|      256|  2.560e+03|         1|        1|   256|       yes|         -|   -|          -|           -|    -|
    | o Loop 3           |       -|  -7.30|      256|  2.560e+03|         1|        1|   256|       yes|         -|   -|          -|           -|    -|
    | o Loop 4           |       -|  -7.30|        -|          -|         3|        1|     -|       yes|         -|   -|          -|           -|    -|
    | o Loop 5           |       -|  -7.30|        -|          -|         3|        1|     -|       yes|         -|   -|          -|           -|    -|
    | o diag_for         |       -|  -7.30|        -|          -|         -|        -|     -|        no|         -|   -|          -|           -|    -|
    |  o col_for         |       -|  -7.30|     1536|  1.536e+04|         6|        -|   256|        no|         -|   -|          -|           -|    -|
    |  o diag_for.2      |       -|  -7.30|        -|          -|         2|        -|     -|        no|         -|   -|          -|           -|    -|
    |  o diag_for.3      |       -|  -7.30|        -|          -|         2|        -|     -|        no|         -|   -|          -|           -|    -|
    |  o diag_for.4      |       -|  -7.30|        -|          -|        71|        -|     -|        no|         -|   -|          -|           -|    -|
    +--------------------+--------+-------+---------+-----------+----------+---------+------+----------+----------+----+-----------+------------+-----+

