10:43:16 **** Incremental Build of configuration Debug for project fpadd_arm_app ****
make all 
make --no-print-directory pre-build
a9-linaro-pre-build-step
 
make --no-print-directory main-build
Building file: ../src/main.c
Invoking: ARM v7 gcc compiler
arm-none-eabi-gcc -Wall -O0 -g3 -c -fmessage-length=0 -MT"src/main.o" -mcpu=cortex-a9 -mfpu=vfpv3 -mfloat-abi=hard -I/home/inf2021/iathanasi/embedded/Embedded-Systems/lab2/step3/vitis/fpadd_arm_platform/export/fpadd_arm_platform/sw/fpadd_arm_platform/standalone_domain/bspinclude/include -MMD -MP -MF"src/main.d" -MT"src/main.o" -o "src/main.o" "../src/main.c"
Finished building: ../src/main.c
 
Building target: fpadd_arm_app.elf
Invoking: ARM v7 gcc linker
arm-none-eabi-gcc -mcpu=cortex-a9 -mfpu=vfpv3 -mfloat-abi=hard -Wl,-build-id=none -specs=Xilinx.spec -Wl,-T -Wl,../src/lscript.ld -L/home/inf2021/iathanasi/embedded/Embedded-Systems/lab2/step3/vitis/fpadd_arm_platform/export/fpadd_arm_platform/sw/fpadd_arm_platform/standalone_domain/bsplib/lib -o "fpadd_arm_app.elf"  ./src/main.o   -Wl,--start-group,-lxil,-lgcc,-lc,--end-group
Finished building target: fpadd_arm_app.elf
 
Invoking: ARM v7 Print Size
arm-none-eabi-size fpadd_arm_app.elf  |tee "fpadd_arm_app.elf.size"
   text	   data	    bss	    dec	    hex	filename
  27964	   1952	  22616	  52532	   cd34	fpadd_arm_app.elf
Finished building: fpadd_arm_app.elf.size
 

10:43:17 Build Finished (took 732ms)

